------------------------------------------------------------
TimeQuest Timing Analyzer Summary
------------------------------------------------------------

Type  : Slow 1200mV 85C Model Setup 'clk'
Slack : -1.998
TNS   : -27.168

Type  : Slow 1200mV 85C Model Setup 'newClk:change_CLK|newclk'
Slack : -0.819
TNS   : -2.908

Type  : Slow 1200mV 85C Model Hold 'newClk:change_CLK|newclk'
Slack : 0.357
TNS   : 0.000

Type  : Slow 1200mV 85C Model Hold 'clk'
Slack : 0.569
TNS   : 0.000

Type  : Slow 1200mV 85C Model Minimum Pulse Width 'clk'
Slack : -3.000
TNS   : -20.000

Type  : Slow 1200mV 85C Model Minimum Pulse Width 'newClk:change_CLK|newclk'
Slack : -1.000
TNS   : -5.000

Type  : Slow 1200mV 0C Model Setup 'clk'
Slack : -1.672
TNS   : -22.743

Type  : Slow 1200mV 0C Model Setup 'newClk:change_CLK|newclk'
Slack : -0.617
TNS   : -2.098

Type  : Slow 1200mV 0C Model Hold 'newClk:change_CLK|newclk'
Slack : 0.312
TNS   : 0.000

Type  : Slow 1200mV 0C Model Hold 'clk'
Slack : 0.512
TNS   : 0.000

Type  : Slow 1200mV 0C Model Minimum Pulse Width 'clk'
Slack : -3.000
TNS   : -20.000

Type  : Slow 1200mV 0C Model Minimum Pulse Width 'newClk:change_CLK|newclk'
Slack : -1.000
TNS   : -5.000

Type  : Fast 1200mV 0C Model Setup 'clk'
Slack : -0.711
TNS   : -8.567

Type  : Fast 1200mV 0C Model Setup 'newClk:change_CLK|newclk'
Slack : -0.021
TNS   : -0.055

Type  : Fast 1200mV 0C Model Hold 'newClk:change_CLK|newclk'
Slack : 0.186
TNS   : 0.000

Type  : Fast 1200mV 0C Model Hold 'clk'
Slack : 0.304
TNS   : 0.000

Type  : Fast 1200mV 0C Model Minimum Pulse Width 'clk'
Slack : -3.000
TNS   : -21.053

Type  : Fast 1200mV 0C Model Minimum Pulse Width 'newClk:change_CLK|newclk'
Slack : -1.000
TNS   : -5.000

------------------------------------------------------------
